src/config/database.ts(1,22): error TS2307: Cannot find module 'mongoose' or its corresponding type declarations.
src/controllers/lab.controller.ts(97,13): error TS2345: Argument of type 'string | string[]' is not assignable to parameter of type 'string'.
  Type 'string[]' is not assignable to type 'string'.
src/controllers/lab.controller.ts(107,55): error TS2345: Argument of type 'string | string[]' is not assignable to parameter of type 'string'.
  Type 'string[]' is not assignable to type 'string'.
src/index.ts(3,20): error TS2307: Cannot find module 'dotenv' or its corresponding type declarations.
src/models/Booking.model.ts(1,44): error TS2307: Cannot find module 'mongoose' or its corresponding type declarations.
src/models/Lab.model.ts(1,44): error TS2307: Cannot find module 'mongoose' or its corresponding type declarations.
src/models/Session.model.ts(1,44): error TS2307: Cannot find module 'mongoose' or its corresponding type declarations.
src/models/User.model.ts(1,44): error TS2307: Cannot find module 'mongoose' or its corresponding type declarations.
src/models/User.model.ts(56,40): error TS7006: Parameter 'next' implicitly has an 'any' type.
src/models/User.model.ts(57,10): error TS2683: 'this' implicitly has type 'any' because it does not have a type annotation.
src/models/User.model.ts(61,9): error TS2683: 'this' implicitly has type 'any' because it does not have a type annotation.
src/models/User.model.ts(61,43): error TS2683: 'this' implicitly has type 'any' because it does not have a type annotation.
src/scripts/seed.ts(1,22): error TS2307: Cannot find module 'mongoose' or its corresponding type declarations.
src/scripts/seed.ts(2,20): error TS2307: Cannot find module 'dotenv' or its corresponding type declarations.
src/services/audit-log.service.ts(1,44): error TS2307: Cannot find module 'mongoose' or its corresponding type declarations.
src/services/audit-log.service.ts(197,32): error TS7006: Parameter 'acc' implicitly has an 'any' type.
src/services/audit-log.service.ts(197,37): error TS7006: Parameter 'item' implicitly has an 'any' type.
src/services/background-jobs.service.ts(11,19): error TS2503: Cannot find namespace 'cron'.
src/services/docker.service.ts(256,16): error TS7053: Element implicitly has an 'any' type because expression of type 'string' can't be used to index type '{ AI: string; Cybersecurity: string; MIS: string; }'.
  No index signature with a parameter of type 'string' was found on type '{ AI: string; Cybersecurity: string; MIS: string; }'.
src/services/docker.service.ts(270,25): error TS7053: Element implicitly has an 'any' type because expression of type 'string' can't be used to index type '{ G: number; M: number; K: number; }'.
  No index signature with a parameter of type 'string' was found on type '{ G: number; M: number; K: number; }'.
src/services/guacamole.service.ts(40,13): error TS2322: Type 'string | null' is not assignable to type 'string'.
  Type 'null' is not assignable to type 'string'.
src/services/resource-manager.service.ts(205,34): error TS7053: Element implicitly has an 'any' type because expression of type '"docker"' can't be used to index type 'DockerService'.
  Property 'docker' does not exist on type 'DockerService'.
src/services/session.service.ts(51,27): error TS2339: Property 'save' does not exist on type 'ISession'.
src/services/session.service.ts(81,27): error TS2339: Property 'save' does not exist on type 'ISession'.
src/services/session.service.ts(85,27): error TS2339: Property 'save' does not exist on type 'ISession'.
src/services/session.service.ts(274,30): error TS7006: Parameter 'acc' implicitly has an 'any' type.
src/services/session.service.ts(274,35): error TS7006: Parameter 'stat' implicitly has an 'any' type.
